2017/10/05 05:10:35 [error] 16522#0: *1 open() "/home/taran/nginx/html/favicon.ico" failed (2: No such file or directory), client: 127.0.0.1, server: localhost, request: "GET /favicon.ico HTTP/1.1", host: "localhost"
2017/10/05 05:10:35 [error] 16522#0: *1 open() "/home/taran/nginx/html/favicon.ico" failed (2: No such file or directory), client: 127.0.0.1, server: localhost, request: "GET /favicon.ico HTTP/1.1", host: "localhost"
2017/10/05 06:37:48 [error] 3658#0: *1 open() "/home/taran/nginx/html/favicon.ico" failed (2: No such file or directory), client: 127.0.0.1, server: localhost, request: "GET /favicon.ico HTTP/1.1", host: "localhost"
2017/10/05 06:37:48 [error] 3658#0: *1 open() "/home/taran/nginx/html/favicon.ico" failed (2: No such file or directory), client: 127.0.0.1, server: localhost, request: "GET /favicon.ico HTTP/1.1", host: "localhost"
2017/10/05 06:38:17 [error] 9103#0: *1 open() "/home/taran/nginx/html/favicon.ico" failed (2: No such file or directory), client: 192.168.122.102, server: 192.168.122.102, request: "GET /favicon.ico HTTP/1.1", host: "192.168.122.102:8080"
2017/10/05 06:38:17 [error] 9103#0: *1 open() "/home/taran/nginx/html/favicon.ico" failed (2: No such file or directory), client: 192.168.122.102, server: 192.168.122.102, request: "GET /favicon.ico HTTP/1.1", host: "192.168.122.102:8080"
2017/10/05 06:38:21 [error] 9103#0: *1 open() "/home/taran/nginx/html/status" failed (2: No such file or directory), client: 192.168.122.102, server: 192.168.122.102, request: "GET /status HTTP/1.1", host: "192.168.122.102:8080", referrer: "http://192.168.122.102:8080/"
2017/10/05 06:40:28 [error] 9103#0: *2 open() "/home/taran/nginx/html/admin" failed (2: No such file or directory), client: 192.168.122.102, server: 192.168.122.102, request: "GET /admin HTTP/1.1", host: "192.168.122.102:8080", referrer: "http://192.168.122.102:8080/"
2017/10/05 06:40:30 [error] 9103#0: *2 open() "/home/taran/nginx/html/pictures/01.jpg" failed (2: No such file or directory), client: 192.168.122.102, server: 192.168.122.102, request: "GET /pictures/01.jpg HTTP/1.1", host: "192.168.122.102:8080", referrer: "http://192.168.122.102:8080/"
2017/10/05 06:40:35 [error] 9103#0: *2 open() "/home/taran/nginx/html/pictures/01.gif" failed (2: No such file or directory), client: 192.168.122.102, server: 192.168.122.102, request: "GET /pictures/01.gif HTTP/1.1", host: "192.168.122.102:8080", referrer: "http://192.168.122.102:8080/"
2017/10/05 06:46:38 [emerg] 9516#0: bind() to 0.0.0.0:8080 failed (98: Address already in use)
2017/10/05 06:46:38 [emerg] 9516#0: bind() to 0.0.0.0:8080 failed (98: Address already in use)
2017/10/05 06:46:38 [emerg] 9516#0: bind() to 0.0.0.0:8080 failed (98: Address already in use)
2017/10/05 06:46:38 [emerg] 9516#0: bind() to 0.0.0.0:8080 failed (98: Address already in use)
2017/10/05 06:46:38 [emerg] 9516#0: bind() to 0.0.0.0:8080 failed (98: Address already in use)
2017/10/05 06:46:38 [emerg] 9516#0: still could not bind()
2017/10/05 06:47:10 [emerg] 9826#0: bind() to 0.0.0.0:8080 failed (98: Address already in use)
2017/10/05 06:47:10 [emerg] 9826#0: bind() to 0.0.0.0:8080 failed (98: Address already in use)
2017/10/05 06:47:10 [emerg] 9826#0: bind() to 0.0.0.0:8080 failed (98: Address already in use)
2017/10/05 06:47:10 [emerg] 9826#0: bind() to 0.0.0.0:8080 failed (98: Address already in use)
2017/10/05 06:47:10 [emerg] 9826#0: bind() to 0.0.0.0:8080 failed (98: Address already in use)
2017/10/05 06:47:10 [emerg] 9826#0: still could not bind()
2017/10/05 06:49:09 [emerg] 10164#0: bind() to 0.0.0.0:8080 failed (98: Address already in use)
2017/10/05 06:49:09 [emerg] 10164#0: bind() to 0.0.0.0:8080 failed (98: Address already in use)
2017/10/05 06:49:09 [emerg] 10164#0: bind() to 0.0.0.0:8080 failed (98: Address already in use)
2017/10/05 06:49:09 [emerg] 10164#0: bind() to 0.0.0.0:8080 failed (98: Address already in use)
2017/10/05 06:49:09 [emerg] 10164#0: bind() to 0.0.0.0:8080 failed (98: Address already in use)
2017/10/05 06:49:09 [emerg] 10164#0: still could not bind()
2017/10/05 06:51:06 [emerg] 10688#0: bind() to 0.0.0.0:8080 failed (98: Address already in use)
2017/10/05 06:51:06 [emerg] 10688#0: bind() to 0.0.0.0:8080 failed (98: Address already in use)
2017/10/05 06:51:06 [emerg] 10688#0: bind() to 0.0.0.0:8080 failed (98: Address already in use)
2017/10/05 06:51:06 [emerg] 10688#0: bind() to 0.0.0.0:8080 failed (98: Address already in use)
2017/10/05 06:51:06 [emerg] 10688#0: bind() to 0.0.0.0:8080 failed (98: Address already in use)
2017/10/05 06:51:06 [emerg] 10688#0: still could not bind()
2017/10/05 06:51:18 [error] 9103#0: *3 open() "/home/taran/nginx/html/pictures/01.gif" failed (2: No such file or directory), client: 192.168.122.102, server: 192.168.122.102, request: "GET /pictures/01.gif HTTP/1.1", host: "192.168.122.102:8080"
2017/10/05 08:32:38 [emerg] 13022#0: unexpected "}" in /home/taran/nginx/conf/nginx.conf:47
2017/10/05 08:32:48 [error] 9103#0: *4 open() "/home/taran/nginx/html/pictures" failed (2: No such file or directory), client: 192.168.122.102, server: 192.168.122.102, request: "GET /pictures HTTP/1.1", host: "192.168.122.102:8080"
2017/10/05 08:35:19 [emerg] 13323#0: unexpected "}" in /home/taran/nginx/conf/nginx.conf:47
2017/10/05 08:35:47 [error] 9103#0: *5 open() "/home/taran/nginx/html/pictures" failed (2: No such file or directory), client: 192.168.122.102, server: 192.168.122.102, request: "GET /pictures HTTP/1.1", host: "192.168.122.102:8080"
2017/10/05 08:39:13 [error] 9103#0: *6 open() "/home/taran/nginx/html/status" failed (2: No such file or directory), client: 192.168.122.102, server: 192.168.122.102, request: "GET /status HTTP/1.1", host: "192.168.122.102:8080", referrer: "http://192.168.122.102:8080/"
2017/10/05 08:40:40 [emerg] 13584#0: "location" directive is not allowed here in /home/taran/nginx/conf/nginx.conf:43
2017/10/05 08:42:40 [emerg] 13729#0: unexpected "}" in /home/taran/nginx/conf/nginx.conf:47
2017/10/05 08:47:12 [emerg] 14175#0: "location" directive is not allowed here in /home/taran/nginx/conf/nginx.conf:43
2017/10/05 08:59:26 [error] 9103#0: *8 open() "/home/taran/nginx/html/favicon.ico" failed (2: No such file or directory), client: 127.0.0.1, server: 192.168.122.102, request: "GET /favicon.ico HTTP/1.1", host: "localhost:8080"
2017/10/05 09:01:14 [alert] 9100#0: unlink() "/home/taran/nginx/logs/nginx.pid" failed (2: No such file or directory)
2017/10/05 09:07:36 [error] 4573#0: *1 open() "/home/taran/nginx/html/favicon.ico" failed (2: No such file or directory), client: 127.0.0.1, server: 192.168.122.102, request: "GET /favicon.ico HTTP/1.1", host: "localhost:8080"
2017/10/05 09:07:36 [error] 4573#0: *1 open() "/home/taran/nginx/html/favicon.ico" failed (2: No such file or directory), client: 127.0.0.1, server: 192.168.122.102, request: "GET /favicon.ico HTTP/1.1", host: "localhost:8080"
2017/10/05 09:07:51 [error] 4573#0: *2 open() "/home/taran/nginx/html/favicon.ico" failed (2: No such file or directory), client: 192.168.122.102, server: 192.168.122.102, request: "GET /favicon.ico HTTP/1.1", host: "192.168.122.102:8080"
2017/10/05 09:07:51 [error] 4573#0: *2 open() "/home/taran/nginx/html/favicon.ico" failed (2: No such file or directory), client: 192.168.122.102, server: 192.168.122.102, request: "GET /favicon.ico HTTP/1.1", host: "192.168.122.102:8080"
2017/10/05 09:21:01 [error] 4933#0: *4 open() "/home/taran/nginx/html/kg" failed (2: No such file or directory), client: 127.0.0.1, server: 192.168.122.102, request: "GET /kg HTTP/1.1", host: "localhost:8080"
2017/10/05 09:26:58 [error] 6600#0: *1 open() "/home/taran/nginx/html/fse" failed (2: No such file or directory), client: 192.168.122.102, server: 192.168.122.102, request: "GET /fse HTTP/1.1", host: "192.168.122.102:8080"
2017/10/05 09:26:58 [error] 6600#0: *1 open() "/home/taran/nginx/html/html/404.html" failed (2: No such file or directory), client: 192.168.122.102, server: 192.168.122.102, request: "GET /html/404.html HTTP/1.1", host: "192.168.122.102:8080"
2017/10/05 09:26:58 [error] 6600#0: *1 open() "/home/taran/nginx/html/html/html/404.html" failed (2: No such file or directory), client: 192.168.122.102, server: 192.168.122.102, request: "GET /html/html/404.html HTTP/1.1", host: "192.168.122.102:8080"
2017/10/05 09:26:58 [error] 6600#0: *1 open() "/home/taran/nginx/html/html/html/html/404.html" failed (2: No such file or directory), client: 192.168.122.102, server: 192.168.122.102, request: "GET /html/html/html/404.html HTTP/1.1", host: "192.168.122.102:8080"
2017/10/05 09:26:58 [error] 6600#0: *1 open() "/home/taran/nginx/html/html/html/html/html/404.html" failed (2: No such file or directory), client: 192.168.122.102, server: 192.168.122.102, request: "GET /html/html/html/html/404.html HTTP/1.1", host: "192.168.122.102:8080"
2017/10/05 09:26:58 [error] 6600#0: *1 open() "/home/taran/nginx/html/html/html/html/html/html/404.html" failed (2: No such file or directory), client: 192.168.122.102, server: 192.168.122.102, request: "GET /html/html/html/html/html/404.html HTTP/1.1", host: "192.168.122.102:8080"
2017/10/05 09:26:58 [error] 6600#0: *1 open() "/home/taran/nginx/html/html/html/html/html/html/html/404.html" failed (2: No such file or directory), client: 192.168.122.102, server: 192.168.122.102, request: "GET /html/html/html/html/html/html/404.html HTTP/1.1", host: "192.168.122.102:8080"
2017/10/05 09:26:58 [error] 6600#0: *1 open() "/home/taran/nginx/html/html/html/html/html/html/html/html/404.html" failed (2: No such file or directory), client: 192.168.122.102, server: 192.168.122.102, request: "GET /html/html/html/html/html/html/html/404.html HTTP/1.1", host: "192.168.122.102:8080"
2017/10/05 09:26:58 [error] 6600#0: *1 open() "/home/taran/nginx/html/html/html/html/html/html/html/html/html/404.html" failed (2: No such file or directory), client: 192.168.122.102, server: 192.168.122.102, request: "GET /html/html/html/html/html/html/html/html/404.html HTTP/1.1", host: "192.168.122.102:8080"
2017/10/05 09:26:58 [error] 6600#0: *1 open() "/home/taran/nginx/html/html/html/html/html/html/html/html/html/html/404.html" failed (2: No such file or directory), client: 192.168.122.102, server: 192.168.122.102, request: "GET /html/html/html/html/html/html/html/html/html/404.html HTTP/1.1", host: "192.168.122.102:8080"
2017/10/05 09:26:58 [error] 6600#0: *1 open() "/home/taran/nginx/html/html/html/html/html/html/html/html/html/html/html/404.html" failed (2: No such file or directory), client: 192.168.122.102, server: 192.168.122.102, request: "GET /html/html/html/html/html/html/html/html/html/html/404.html HTTP/1.1", host: "192.168.122.102:8080"
2017/10/05 09:26:58 [error] 6600#0: *1 open() "/home/taran/nginx/html/html/html/html/html/html/html/html/html/html/html/html/404.html" failed (2: No such file or directory), client: 192.168.122.102, server: 192.168.122.102, request: "GET /html/html/html/html/html/html/html/html/html/html/html/404.html HTTP/1.1", host: "192.168.122.102:8080"
2017/10/05 09:26:58 [error] 6600#0: *1 open() "/home/taran/nginx/html/html/html/html/html/html/html/html/html/html/html/html/html/404.html" failed (2: No such file or directory), client: 192.168.122.102, server: 192.168.122.102, request: "GET /html/html/html/html/html/html/html/html/html/html/html/html/404.html HTTP/1.1", host: "192.168.122.102:8080"
2017/10/05 09:26:58 [error] 6600#0: *1 open() "/home/taran/nginx/html/html/html/html/html/html/html/html/html/html/html/html/html/html/404.html" failed (2: No such file or directory), client: 192.168.122.102, server: 192.168.122.102, request: "GET /html/html/html/html/html/html/html/html/html/html/html/html/html/404.html HTTP/1.1", host: "192.168.122.102:8080"
2017/10/05 09:26:58 [error] 6600#0: *1 open() "/home/taran/nginx/html/html/html/html/html/html/html/html/html/html/html/html/html/html/html/404.html" failed (2: No such file or directory), client: 192.168.122.102, server: 192.168.122.102, request: "GET /html/html/html/html/html/html/html/html/html/html/html/html/html/html/404.html HTTP/1.1", host: "192.168.122.102:8080"
2017/10/05 09:26:58 [error] 6600#0: *1 open() "/home/taran/nginx/html/html/html/html/html/html/html/html/html/html/html/html/html/html/html/html/404.html" failed (2: No such file or directory), client: 192.168.122.102, server: 192.168.122.102, request: "GET /html/html/html/html/html/html/html/html/html/html/html/html/html/html/html/404.html HTTP/1.1", host: "192.168.122.102:8080"
2017/10/05 09:26:58 [error] 6600#0: *1 open() "/home/taran/nginx/html/html/html/html/html/html/html/html/html/html/html/html/html/html/html/html/html/404.html" failed (2: No such file or directory), client: 192.168.122.102, server: 192.168.122.102, request: "GET /html/html/html/html/html/html/html/html/html/html/html/html/html/html/html/html/404.html HTTP/1.1", host: "192.168.122.102:8080"
2017/10/05 09:26:58 [error] 6600#0: *1 open() "/home/taran/nginx/html/html/html/html/html/html/html/html/html/html/html/html/html/html/html/html/html/html/404.html" failed (2: No such file or directory), client: 192.168.122.102, server: 192.168.122.102, request: "GET /html/html/html/html/html/html/html/html/html/html/html/html/html/html/html/html/html/404.html HTTP/1.1", host: "192.168.122.102:8080"
2017/10/05 09:26:58 [error] 6600#0: *1 open() "/home/taran/nginx/html/html/html/html/html/html/html/html/html/html/html/html/html/html/html/html/html/html/html/404.html" failed (2: No such file or directory), client: 192.168.122.102, server: 192.168.122.102, request: "GET /html/html/html/html/html/html/html/html/html/html/html/html/html/html/html/html/html/html/404.html HTTP/1.1", host: "192.168.122.102:8080"
2017/10/05 09:26:58 [error] 6600#0: *1 open() "/home/taran/nginx/html/html/html/html/html/html/html/html/html/html/html/html/html/html/html/html/html/html/html/html/404.html" failed (2: No such file or directory), client: 192.168.122.102, server: 192.168.122.102, request: "GET /html/html/html/html/html/html/html/html/html/html/html/html/html/html/html/html/html/html/html/404.html HTTP/1.1", host: "192.168.122.102:8080"
2017/10/05 09:26:58 [error] 6600#0: *1 open() "/home/taran/nginx/html/html/html/html/html/html/html/html/html/html/html/html/html/html/html/html/html/html/html/html/html/404.html" failed (2: No such file or directory), client: 192.168.122.102, server: 192.168.122.102, request: "GET /html/html/html/html/html/html/html/html/html/html/html/html/html/html/html/html/html/html/html/html/404.html HTTP/1.1", host: "192.168.122.102:8080"
2017/10/05 09:27:16 [error] 6600#0: *1 open() "/home/taran/nginx/html/l" failed (2: No such file or directory), client: 192.168.122.102, server: 192.168.122.102, request: "GET /l HTTP/1.1", host: "192.168.122.102:8080"
2017/10/05 09:27:16 [error] 6600#0: *1 open() "/home/taran/nginx/html/html/404.html" failed (2: No such file or directory), client: 192.168.122.102, server: 192.168.122.102, request: "GET /html/404.html HTTP/1.1", host: "192.168.122.102:8080"
2017/10/05 09:27:16 [error] 6600#0: *1 open() "/home/taran/nginx/html/html/html/404.html" failed (2: No such file or directory), client: 192.168.122.102, server: 192.168.122.102, request: "GET /html/html/404.html HTTP/1.1", host: "192.168.122.102:8080"
2017/10/05 09:27:16 [error] 6600#0: *1 open() "/home/taran/nginx/html/html/html/html/404.html" failed (2: No such file or directory), client: 192.168.122.102, server: 192.168.122.102, request: "GET /html/html/html/404.html HTTP/1.1", host: "192.168.122.102:8080"
2017/10/05 09:27:16 [error] 6600#0: *1 open() "/home/taran/nginx/html/html/html/html/html/404.html" failed (2: No such file or directory), client: 192.168.122.102, server: 192.168.122.102, request: "GET /html/html/html/html/404.html HTTP/1.1", host: "192.168.122.102:8080"
2017/10/05 09:27:16 [error] 6600#0: *1 open() "/home/taran/nginx/html/html/html/html/html/html/404.html" failed (2: No such file or directory), client: 192.168.122.102, server: 192.168.122.102, request: "GET /html/html/html/html/html/404.html HTTP/1.1", host: "192.168.122.102:8080"
2017/10/05 09:27:16 [error] 6600#0: *1 open() "/home/taran/nginx/html/html/html/html/html/html/html/404.html" failed (2: No such file or directory), client: 192.168.122.102, server: 192.168.122.102, request: "GET /html/html/html/html/html/html/404.html HTTP/1.1", host: "192.168.122.102:8080"
2017/10/05 09:27:16 [error] 6600#0: *1 open() "/home/taran/nginx/html/html/html/html/html/html/html/html/404.html" failed (2: No such file or directory), client: 192.168.122.102, server: 192.168.122.102, request: "GET /html/html/html/html/html/html/html/404.html HTTP/1.1", host: "192.168.122.102:8080"
2017/10/05 09:27:16 [error] 6600#0: *1 open() "/home/taran/nginx/html/html/html/html/html/html/html/html/html/404.html" failed (2: No such file or directory), client: 192.168.122.102, server: 192.168.122.102, request: "GET /html/html/html/html/html/html/html/html/404.html HTTP/1.1", host: "192.168.122.102:8080"
2017/10/05 09:27:16 [error] 6600#0: *1 open() "/home/taran/nginx/html/html/html/html/html/html/html/html/html/html/404.html" failed (2: No such file or directory), client: 192.168.122.102, server: 192.168.122.102, request: "GET /html/html/html/html/html/html/html/html/html/404.html HTTP/1.1", host: "192.168.122.102:8080"
2017/10/05 09:27:16 [error] 6600#0: *1 open() "/home/taran/nginx/html/html/html/html/html/html/html/html/html/html/html/404.html" failed (2: No such file or directory), client: 192.168.122.102, server: 192.168.122.102, request: "GET /html/html/html/html/html/html/html/html/html/html/404.html HTTP/1.1", host: "192.168.122.102:8080"
2017/10/05 09:27:16 [error] 6600#0: *1 open() "/home/taran/nginx/html/html/html/html/html/html/html/html/html/html/html/html/404.html" failed (2: No such file or directory), client: 192.168.122.102, server: 192.168.122.102, request: "GET /html/html/html/html/html/html/html/html/html/html/html/404.html HTTP/1.1", host: "192.168.122.102:8080"
2017/10/05 09:27:16 [error] 6600#0: *1 open() "/home/taran/nginx/html/html/html/html/html/html/html/html/html/html/html/html/html/404.html" failed (2: No such file or directory), client: 192.168.122.102, server: 192.168.122.102, request: "GET /html/html/html/html/html/html/html/html/html/html/html/html/404.html HTTP/1.1", host: "192.168.122.102:8080"
2017/10/05 09:27:16 [error] 6600#0: *1 open() "/home/taran/nginx/html/html/html/html/html/html/html/html/html/html/html/html/html/html/404.html" failed (2: No such file or directory), client: 192.168.122.102, server: 192.168.122.102, request: "GET /html/html/html/html/html/html/html/html/html/html/html/html/html/404.html HTTP/1.1", host: "192.168.122.102:8080"
2017/10/05 09:27:16 [error] 6600#0: *1 open() "/home/taran/nginx/html/html/html/html/html/html/html/html/html/html/html/html/html/html/html/404.html" failed (2: No such file or directory), client: 192.168.122.102, server: 192.168.122.102, request: "GET /html/html/html/html/html/html/html/html/html/html/html/html/html/html/404.html HTTP/1.1", host: "192.168.122.102:8080"
2017/10/05 09:27:16 [error] 6600#0: *1 open() "/home/taran/nginx/html/html/html/html/html/html/html/html/html/html/html/html/html/html/html/html/404.html" failed (2: No such file or directory), client: 192.168.122.102, server: 192.168.122.102, request: "GET /html/html/html/html/html/html/html/html/html/html/html/html/html/html/html/404.html HTTP/1.1", host: "192.168.122.102:8080"
2017/10/05 09:27:16 [error] 6600#0: *1 open() "/home/taran/nginx/html/html/html/html/html/html/html/html/html/html/html/html/html/html/html/html/html/404.html" failed (2: No such file or directory), client: 192.168.122.102, server: 192.168.122.102, request: "GET /html/html/html/html/html/html/html/html/html/html/html/html/html/html/html/html/404.html HTTP/1.1", host: "192.168.122.102:8080"
2017/10/05 09:27:16 [error] 6600#0: *1 open() "/home/taran/nginx/html/html/html/html/html/html/html/html/html/html/html/html/html/html/html/html/html/html/404.html" failed (2: No such file or directory), client: 192.168.122.102, server: 192.168.122.102, request: "GET /html/html/html/html/html/html/html/html/html/html/html/html/html/html/html/html/html/404.html HTTP/1.1", host: "192.168.122.102:8080"
2017/10/05 09:27:16 [error] 6600#0: *1 open() "/home/taran/nginx/html/html/html/html/html/html/html/html/html/html/html/html/html/html/html/html/html/html/html/404.html" failed (2: No such file or directory), client: 192.168.122.102, server: 192.168.122.102, request: "GET /html/html/html/html/html/html/html/html/html/html/html/html/html/html/html/html/html/html/404.html HTTP/1.1", host: "192.168.122.102:8080"
2017/10/05 09:27:16 [error] 6600#0: *1 open() "/home/taran/nginx/html/html/html/html/html/html/html/html/html/html/html/html/html/html/html/html/html/html/html/html/404.html" failed (2: No such file or directory), client: 192.168.122.102, server: 192.168.122.102, request: "GET /html/html/html/html/html/html/html/html/html/html/html/html/html/html/html/html/html/html/html/404.html HTTP/1.1", host: "192.168.122.102:8080"
2017/10/05 09:27:16 [error] 6600#0: *1 open() "/home/taran/nginx/html/html/html/html/html/html/html/html/html/html/html/html/html/html/html/html/html/html/html/html/html/404.html" failed (2: No such file or directory), client: 192.168.122.102, server: 192.168.122.102, request: "GET /html/html/html/html/html/html/html/html/html/html/html/html/html/html/html/html/html/html/html/html/404.html HTTP/1.1", host: "192.168.122.102:8080"
2017/10/05 09:27:44 [error] 6600#0: *1 open() "/home/taran/nginx/html/505.html" failed (2: No such file or directory), client: 192.168.122.102, server: 192.168.122.102, request: "GET /505.html HTTP/1.1", host: "192.168.122.102:8080"
2017/10/05 09:27:44 [error] 6600#0: *1 open() "/home/taran/nginx/html/html/404.html" failed (2: No such file or directory), client: 192.168.122.102, server: 192.168.122.102, request: "GET /html/404.html HTTP/1.1", host: "192.168.122.102:8080"
2017/10/05 09:27:44 [error] 6600#0: *1 open() "/home/taran/nginx/html/html/html/404.html" failed (2: No such file or directory), client: 192.168.122.102, server: 192.168.122.102, request: "GET /html/html/404.html HTTP/1.1", host: "192.168.122.102:8080"
2017/10/05 09:27:44 [error] 6600#0: *1 open() "/home/taran/nginx/html/html/html/html/404.html" failed (2: No such file or directory), client: 192.168.122.102, server: 192.168.122.102, request: "GET /html/html/html/404.html HTTP/1.1", host: "192.168.122.102:8080"
2017/10/05 09:27:44 [error] 6600#0: *1 open() "/home/taran/nginx/html/html/html/html/html/404.html" failed (2: No such file or directory), client: 192.168.122.102, server: 192.168.122.102, request: "GET /html/html/html/html/404.html HTTP/1.1", host: "192.168.122.102:8080"
2017/10/05 09:27:44 [error] 6600#0: *1 open() "/home/taran/nginx/html/html/html/html/html/html/404.html" failed (2: No such file or directory), client: 192.168.122.102, server: 192.168.122.102, request: "GET /html/html/html/html/html/404.html HTTP/1.1", host: "192.168.122.102:8080"
2017/10/05 09:27:44 [error] 6600#0: *1 open() "/home/taran/nginx/html/html/html/html/html/html/html/404.html" failed (2: No such file or directory), client: 192.168.122.102, server: 192.168.122.102, request: "GET /html/html/html/html/html/html/404.html HTTP/1.1", host: "192.168.122.102:8080"
2017/10/05 09:27:44 [error] 6600#0: *1 open() "/home/taran/nginx/html/html/html/html/html/html/html/html/404.html" failed (2: No such file or directory), client: 192.168.122.102, server: 192.168.122.102, request: "GET /html/html/html/html/html/html/html/404.html HTTP/1.1", host: "192.168.122.102:8080"
2017/10/05 09:27:44 [error] 6600#0: *1 open() "/home/taran/nginx/html/html/html/html/html/html/html/html/html/404.html" failed (2: No such file or directory), client: 192.168.122.102, server: 192.168.122.102, request: "GET /html/html/html/html/html/html/html/html/404.html HTTP/1.1", host: "192.168.122.102:8080"
2017/10/05 09:27:44 [error] 6600#0: *1 open() "/home/taran/nginx/html/html/html/html/html/html/html/html/html/html/404.html" failed (2: No such file or directory), client: 192.168.122.102, server: 192.168.122.102, request: "GET /html/html/html/html/html/html/html/html/html/404.html HTTP/1.1", host: "192.168.122.102:8080"
2017/10/05 09:27:44 [error] 6600#0: *1 open() "/home/taran/nginx/html/html/html/html/html/html/html/html/html/html/html/404.html" failed (2: No such file or directory), client: 192.168.122.102, server: 192.168.122.102, request: "GET /html/html/html/html/html/html/html/html/html/html/404.html HTTP/1.1", host: "192.168.122.102:8080"
2017/10/05 09:27:44 [error] 6600#0: *1 open() "/home/taran/nginx/html/html/html/html/html/html/html/html/html/html/html/html/404.html" failed (2: No such file or directory), client: 192.168.122.102, server: 192.168.122.102, request: "GET /html/html/html/html/html/html/html/html/html/html/html/404.html HTTP/1.1", host: "192.168.122.102:8080"
2017/10/05 09:27:44 [error] 6600#0: *1 open() "/home/taran/nginx/html/html/html/html/html/html/html/html/html/html/html/html/html/404.html" failed (2: No such file or directory), client: 192.168.122.102, server: 192.168.122.102, request: "GET /html/html/html/html/html/html/html/html/html/html/html/html/404.html HTTP/1.1", host: "192.168.122.102:8080"
2017/10/05 09:27:44 [error] 6600#0: *1 open() "/home/taran/nginx/html/html/html/html/html/html/html/html/html/html/html/html/html/html/404.html" failed (2: No such file or directory), client: 192.168.122.102, server: 192.168.122.102, request: "GET /html/html/html/html/html/html/html/html/html/html/html/html/html/404.html HTTP/1.1", host: "192.168.122.102:8080"
2017/10/05 09:27:44 [error] 6600#0: *1 open() "/home/taran/nginx/html/html/html/html/html/html/html/html/html/html/html/html/html/html/html/404.html" failed (2: No such file or directory), client: 192.168.122.102, server: 192.168.122.102, request: "GET /html/html/html/html/html/html/html/html/html/html/html/html/html/html/404.html HTTP/1.1", host: "192.168.122.102:8080"
2017/10/05 09:27:44 [error] 6600#0: *1 open() "/home/taran/nginx/html/html/html/html/html/html/html/html/html/html/html/html/html/html/html/html/404.html" failed (2: No such file or directory), client: 192.168.122.102, server: 192.168.122.102, request: "GET /html/html/html/html/html/html/html/html/html/html/html/html/html/html/html/404.html HTTP/1.1", host: "192.168.122.102:8080"
2017/10/05 09:27:44 [error] 6600#0: *1 open() "/home/taran/nginx/html/html/html/html/html/html/html/html/html/html/html/html/html/html/html/html/html/404.html" failed (2: No such file or directory), client: 192.168.122.102, server: 192.168.122.102, request: "GET /html/html/html/html/html/html/html/html/html/html/html/html/html/html/html/html/404.html HTTP/1.1", host: "192.168.122.102:8080"
2017/10/05 09:27:44 [error] 6600#0: *1 open() "/home/taran/nginx/html/html/html/html/html/html/html/html/html/html/html/html/html/html/html/html/html/html/404.html" failed (2: No such file or directory), client: 192.168.122.102, server: 192.168.122.102, request: "GET /html/html/html/html/html/html/html/html/html/html/html/html/html/html/html/html/html/404.html HTTP/1.1", host: "192.168.122.102:8080"
2017/10/05 09:27:44 [error] 6600#0: *1 open() "/home/taran/nginx/html/html/html/html/html/html/html/html/html/html/html/html/html/html/html/html/html/html/html/404.html" failed (2: No such file or directory), client: 192.168.122.102, server: 192.168.122.102, request: "GET /html/html/html/html/html/html/html/html/html/html/html/html/html/html/html/html/html/html/404.html HTTP/1.1", host: "192.168.122.102:8080"
2017/10/05 09:27:44 [error] 6600#0: *1 open() "/home/taran/nginx/html/html/html/html/html/html/html/html/html/html/html/html/html/html/html/html/html/html/html/html/404.html" failed (2: No such file or directory), client: 192.168.122.102, server: 192.168.122.102, request: "GET /html/html/html/html/html/html/html/html/html/html/html/html/html/html/html/html/html/html/html/404.html HTTP/1.1", host: "192.168.122.102:8080"
2017/10/05 09:27:44 [error] 6600#0: *1 open() "/home/taran/nginx/html/html/html/html/html/html/html/html/html/html/html/html/html/html/html/html/html/html/html/html/html/404.html" failed (2: No such file or directory), client: 192.168.122.102, server: 192.168.122.102, request: "GET /html/html/html/html/html/html/html/html/html/html/html/html/html/html/html/html/html/html/html/html/404.html HTTP/1.1", host: "192.168.122.102:8080"
2017/10/05 09:28:50 [error] 7118#0: *1 open() "/home/taran/nginx/html/as" failed (2: No such file or directory), client: 192.168.122.102, server: 192.168.122.102, request: "GET /as HTTP/1.1", host: "192.168.122.102:8080"
2017/10/05 09:28:50 [error] 7118#0: *1 open() "/home/taran/nginx/html/html/404.html" failed (2: No such file or directory), client: 192.168.122.102, server: 192.168.122.102, request: "GET /as HTTP/1.1", host: "192.168.122.102:8080"
2017/10/05 09:28:53 [error] 7118#0: *1 open() "/home/taran/nginx/html/asa" failed (2: No such file or directory), client: 192.168.122.102, server: 192.168.122.102, request: "GET /asa HTTP/1.1", host: "192.168.122.102:8080"
2017/10/05 09:28:53 [error] 7118#0: *1 open() "/home/taran/nginx/html/html/404.html" failed (2: No such file or directory), client: 192.168.122.102, server: 192.168.122.102, request: "GET /asa HTTP/1.1", host: "192.168.122.102:8080"
2017/10/05 09:30:24 [error] 7636#0: *1 open() "/home/taran/nginx/html/40a" failed (2: No such file or directory), client: 192.168.122.102, server: 192.168.122.102, request: "GET /40a HTTP/1.1", host: "192.168.122.102:8080"
2017/10/05 09:30:28 [error] 7636#0: *1 open() "/home/taran/nginx/html/4ad" failed (2: No such file or directory), client: 192.168.122.102, server: 192.168.122.102, request: "GET /4ad HTTP/1.1", host: "192.168.122.102:8080"
2017/10/05 09:30:50 [error] 7636#0: *1 open() "/home/taran/nginx/html/af" failed (2: No such file or directory), client: 192.168.122.102, server: 192.168.122.102, request: "GET /af HTTP/1.1", host: "192.168.122.102:8080"
2017/10/05 09:33:15 [error] 8157#0: *1 open() "/home/taran/nginx/html/74" failed (2: No such file or directory), client: 127.0.0.1, server: 192.168.122.102, request: "GET /74 HTTP/1.1", host: "localhost:8080"
2017/10/05 09:46:10 [emerg] 8748#0: unexpected "}" in /home/taran/nginx/conf/nginx.conf:63
2017/10/05 09:47:44 [error] 9000#0: *1 open() "/html/resources/pictures/01.jpg/pictures" failed (2: No such file or directory), client: 127.0.0.1, server: 192.168.122.102, request: "GET /pictures HTTP/1.1", host: "localhost:8080"
2017/10/05 09:48:55 [error] 9282#0: *1 open() "/home/taran/nginx/html/resources/pictures/01.jpg/pictures" failed (20: Not a directory), client: 127.0.0.1, server: 192.168.122.102, request: "GET /pictures HTTP/1.1", host: "localhost:8080"
2017/10/05 09:49:18 [error] 9282#0: *2 open() "/home/taran/nginx/html/resources/pictures/01.jpg/pictures" failed (20: Not a directory), client: 192.168.122.102, server: 192.168.122.102, request: "GET /pictures HTTP/1.1", host: "192.168.122.102:8080"
2017/10/05 09:51:17 [error] 9282#0: *3 open() "/home/taran/nginx/html/resources/pictures/01.jpg/pictures" failed (20: Not a directory), client: 192.168.122.102, server: 192.168.122.102, request: "GET /pictures HTTP/1.1", host: "192.168.122.102:8080"
2017/10/05 09:51:22 [error] 9282#0: *3 open() "/home/taran/nginx/html/status" failed (2: No such file or directory), client: 192.168.122.102, server: 192.168.122.102, request: "GET /status HTTP/1.1", host: "192.168.122.102:8080", referrer: "http://192.168.122.102:8080/"
2017/10/05 09:51:32 [error] 9282#0: *3 open() "/home/taran/nginx/html/resources/pictures/01.jpg/pictures" failed (20: Not a directory), client: 192.168.122.102, server: 192.168.122.102, request: "GET /pictures HTTP/1.1", host: "192.168.122.102:8080"
2017/10/05 09:52:26 [error] 9282#0: *3 open() "/home/taran/nginx/html/resources/pictures/01.jpg/pictures" failed (20: Not a directory), client: 192.168.122.102, server: 192.168.122.102, request: "GET /pictures HTTP/1.1", host: "192.168.122.102:8080"
2017/10/05 09:52:38 [error] 9282#0: *4 open() "/home/taran/nginx/html/resources/pictures/01.jpg/pictures" failed (20: Not a directory), client: 127.0.0.1, server: 192.168.122.102, request: "GET /pictures HTTP/1.1", host: "localhost:8080"
2017/10/05 09:52:47 [error] 9282#0: *3 open() "/home/taran/nginx/html/resources/pictures/01.jpg/pictures" failed (20: Not a directory), client: 192.168.122.102, server: 192.168.122.102, request: "GET /pictures HTTP/1.1", host: "192.168.122.102:8080"
2017/10/05 10:01:18 [error] 10428#0: *1 open() "/home/taran/nginx/html/admin" failed (2: No such file or directory), client: 192.168.122.102, server: 192.168.122.102, request: "GET /admin HTTP/1.1", host: "192.168.122.102:8080"
2017/10/05 10:01:30 [error] 10428#0: *1 open() "/home/taran/nginx/html/admin" failed (2: No such file or directory), client: 192.168.122.102, server: 192.168.122.102, request: "GET /admin HTTP/1.1", host: "192.168.122.102:8080"
2017/10/05 10:02:52 [error] 10720#0: *1 open() "/home/taran/nginx/html/admin" failed (2: No such file or directory), client: 192.168.122.102, server: 192.168.122.102, request: "GET /admin HTTP/1.1", host: "192.168.122.102:8080"
2017/10/05 10:02:54 [error] 10720#0: *1 open() "/home/taran/nginx/html/admin" failed (2: No such file or directory), client: 192.168.122.102, server: 192.168.122.102, request: "GET /admin HTTP/1.1", host: "192.168.122.102:8080"
2017/10/05 10:03:22 [error] 10720#0: *1 open() "/home/taran/nginx/html/admin" failed (2: No such file or directory), client: 192.168.122.102, server: 192.168.122.102, request: "GET /admin HTTP/1.1", host: "192.168.122.102:8080"
2017/10/05 10:09:07 [emerg] 11014#0: unknown directive "admin" in /home/taran/nginx/conf/nginx.conf:66
2017/10/05 10:09:38 [emerg] 11144#0: unknown directive "admin" in /home/taran/nginx/conf/nginx.conf:66
2017/10/05 10:10:14 [error] 11359#0: *1 open() "/home/taran/nginx/html/admin" failed (2: No such file or directory), client: 192.168.122.102, server: 192.168.122.102, request: "GET /admin HTTP/1.1", host: "192.168.122.102:8080"
2017/10/05 10:10:17 [error] 11359#0: *1 open() "/home/taran/nginx/html/adm" failed (2: No such file or directory), client: 192.168.122.102, server: 192.168.122.102, request: "GET /adm HTTP/1.1", host: "192.168.122.102:8080"
2017/10/05 10:10:20 [error] 11359#0: *1 open() "/home/taran/nginx/html/admin" failed (2: No such file or directory), client: 192.168.122.102, server: 192.168.122.102, request: "GET /admin HTTP/1.1", host: "192.168.122.102:8080"
2017/10/05 10:10:40 [error] 11359#0: *1 open() "/home/taran/nginx/html/admin" failed (2: No such file or directory), client: 192.168.122.102, server: 192.168.122.102, request: "GET /admin HTTP/1.1", host: "192.168.122.102:8080"
2017/10/05 10:12:09 [error] 11621#0: *1 open() "/home/taran/nginx/html/admin" failed (2: No such file or directory), client: 192.168.122.102, server: 192.168.122.102, request: "GET /admin HTTP/1.1", host: "192.168.122.102:8080"
2017/10/05 10:12:10 [error] 11621#0: *1 open() "/home/taran/nginx/html/admin" failed (2: No such file or directory), client: 192.168.122.102, server: 192.168.122.102, request: "GET /admin HTTP/1.1", host: "192.168.122.102:8080"
2017/10/05 10:12:12 [error] 11621#0: *1 open() "/home/taran/nginx/html/admi" failed (2: No such file or directory), client: 192.168.122.102, server: 192.168.122.102, request: "GET /admi HTTP/1.1", host: "192.168.122.102:8080"
2017/10/05 10:12:15 [error] 11621#0: *1 open() "/home/taran/nginx/html/admin" failed (2: No such file or directory), client: 192.168.122.102, server: 192.168.122.102, request: "GET /admin HTTP/1.1", host: "192.168.122.102:8080"
2017/10/05 10:15:38 [error] 11621#0: *2 open() "/home/taran/nginx/html/admin" failed (2: No such file or directory), client: 192.168.122.102, server: 192.168.122.102, request: "GET /admin HTTP/1.1", host: "192.168.122.102:8080"
2017/10/05 10:22:18 [error] 11621#0: *3 open() "/home/taran/nginx/html/admin" failed (2: No such file or directory), client: 192.168.122.102, server: 192.168.122.102, request: "GET /admin HTTP/1.1", host: "192.168.122.102:8080"
2017/10/05 10:22:22 [error] 11621#0: *3 open() "/home/taran/nginx/html/admi" failed (2: No such file or directory), client: 192.168.122.102, server: 192.168.122.102, request: "GET /admi HTTP/1.1", host: "192.168.122.102:8080"
2017/10/05 10:22:24 [error] 11621#0: *3 open() "/home/taran/nginx/html/admin" failed (2: No such file or directory), client: 192.168.122.102, server: 192.168.122.102, request: "GET /admin HTTP/1.1", host: "192.168.122.102:8080"
2017/10/05 10:22:44 [error] 12327#0: *1 open() "/home/taran/nginx/html/admin" failed (2: No such file or directory), client: 192.168.122.102, server: 192.168.122.102, request: "GET /admin HTTP/1.1", host: "192.168.122.102:8080"
2017/10/05 10:22:45 [error] 12327#0: *1 open() "/home/taran/nginx/html/admin" failed (2: No such file or directory), client: 192.168.122.102, server: 192.168.122.102, request: "GET /admin HTTP/1.1", host: "192.168.122.102:8080"
2017/10/05 10:22:47 [error] 12327#0: *1 open() "/home/taran/nginx/html/admin" failed (2: No such file or directory), client: 192.168.122.102, server: 192.168.122.102, request: "GET /admin HTTP/1.1", host: "192.168.122.102:8080"
2017/10/05 10:24:35 [error] 12605#0: *1 open() "/home/taran/nginx/html/admin" failed (2: No such file or directory), client: 192.168.122.102, server: 192.168.122.102, request: "GET /admin HTTP/1.1", host: "192.168.122.102:8080"
2017/10/05 10:24:36 [error] 12605#0: *1 open() "/home/taran/nginx/html/admin" failed (2: No such file or directory), client: 192.168.122.102, server: 192.168.122.102, request: "GET /admin HTTP/1.1", host: "192.168.122.102:8080"
2017/10/05 10:24:40 [error] 12605#0: *2 open() "/home/taran/nginx/html/admi" failed (2: No such file or directory), client: 192.168.122.102, server: 192.168.122.102, request: "GET /admi HTTP/1.1", host: "192.168.122.102:8080"
2017/10/05 10:24:47 [error] 12605#0: *1 open() "/home/taran/nginx/html/admin" failed (2: No such file or directory), client: 192.168.122.102, server: 192.168.122.102, request: "GET /admin HTTP/1.1", host: "192.168.122.102:8080"
2017/10/05 10:28:55 [error] 12925#0: *1 open() "/home/taran/nginx/html/admin" failed (2: No such file or directory), client: 192.168.122.102, server: 192.168.122.102, request: "GET /admin HTTP/1.1", host: "192.168.122.102:8080"
2017/10/05 10:29:01 [error] 12925#0: *2 open() "/home/taran/nginx/html/admin" failed (2: No such file or directory), client: 192.168.122.102, server: 192.168.122.102, request: "GET /admin HTTP/1.1", host: "192.168.122.102:8080"
2017/10/05 10:29:07 [error] 12925#0: *1 open() "/home/taran/nginx/html/admin" failed (2: No such file or directory), client: 192.168.122.102, server: 192.168.122.102, request: "GET /admin HTTP/1.1", host: "192.168.122.102:8080"
2017/10/05 10:35:23 [error] 12925#0: *3 open() "/home/taran/nginx/html/admin" failed (2: No such file or directory), client: 192.168.122.102, server: 192.168.122.102, request: "GET /admin HTTP/1.1", host: "192.168.122.102:8080"
2017/10/05 10:35:24 [error] 12925#0: *3 open() "/home/taran/nginx/html/admin" failed (2: No such file or directory), client: 192.168.122.102, server: 192.168.122.102, request: "GET /admin HTTP/1.1", host: "192.168.122.102:8080"
2017/10/05 10:35:25 [error] 12925#0: *3 open() "/home/taran/nginx/html/admin" failed (2: No such file or directory), client: 192.168.122.102, server: 192.168.122.102, request: "GET /admin HTTP/1.1", host: "192.168.122.102:8080"
2017/10/05 11:11:04 [error] 15066#0: *2 user "taran" was not found in "/home/taran/nginx/conf/htpasswd", client: 192.168.122.102, server: 192.168.122.102, request: "GET /admin HTTP/1.1", host: "192.168.122.102:8080"
2017/10/05 11:11:29 [error] 15066#0: *2 user "admin" was not found in "/home/taran/nginx/conf/htpasswd", client: 192.168.122.102, server: 192.168.122.102, request: "GET /admin HTTP/1.1", host: "192.168.122.102:8080"
2017/10/05 12:29:35 [emerg] 18425#0: "server" directive is not allowed here in /home/taran/nginx/conf/vhosts/backend.conf:1
2017/10/05 12:32:38 [emerg] 18577#0: "server" directive is not allowed here in /home/taran/nginx/conf/vhosts/backend.conf:1
2017/10/05 12:33:44 [emerg] 18757#0: "server" directive is not allowed here in /home/taran/nginx/conf/vhosts/backend.conf:1
2017/10/06 05:08:08 [emerg] 3680#0: "server" directive is not allowed here in /home/taran/nginx/conf/vhosts/backend.conf:1
2017/10/06 05:10:53 [emerg] 3825#0: vhost_traffic_status: "ngx_http_vhost_traffic_status" is already bound to key in /home/taran/nginx/conf/nginx.conf:45
2017/10/06 05:11:45 [error] 3839#0: *1 open() "/home/taran/nginx/html/favicon.ico" failed (2: No such file or directory), client: 192.168.122.102, server: 192.168.122.102, request: "GET /favicon.ico HTTP/1.1", host: "192.168.122.102:8080"
2017/10/06 05:11:45 [error] 3839#0: *1 open() "/home/taran/nginx/html/favicon.ico" failed (2: No such file or directory), client: 192.168.122.102, server: 192.168.122.102, request: "GET /favicon.ico HTTP/1.1", host: "192.168.122.102:8080"
2017/10/06 05:56:19 [error] 6330#0: *1 open() "/home/taran/nginx/html/favicon.ico" failed (2: No such file or directory), client: 192.168.122.236, server: 192.168.122.236, request: "GET /favicon.ico HTTP/1.1", host: "192.168.122.236:8080"
2017/10/06 05:56:19 [error] 6330#0: *1 open() "/home/taran/nginx/html/favicon.ico" failed (2: No such file or directory), client: 192.168.122.236, server: 192.168.122.236, request: "GET /favicon.ico HTTP/1.1", host: "192.168.122.236:8080"
2017/10/06 07:56:45 [error] 6230#0: *3 open() "/home/taran/nginx/html/favicon.ico" failed (2: No such file or directory), client: 192.168.122.103, server: 192.168.122.236, request: "GET /favicon.ico HTTP/1.1", host: "192.168.122.236"
2017/10/06 08:17:36 [error] 6230#0: *5 open() "/home/taran/nginx/html/favicon.ico" failed (2: No such file or directory), client: 192.168.122.102, server: 192.168.122.236, request: "GET /favicon.ico HTTP/1.1", host: "192.168.122.236:8080"
2017/10/06 08:17:40 [error] 6230#0: *6 open() "/home/taran/nginx/html/favicon.ico" failed (2: No such file or directory), client: 192.168.122.102, server: 192.168.122.236, request: "GET /favicon.ico HTTP/1.1", host: "192.168.122.236"
2017/10/06 08:43:01 [emerg] 7568#0: duplicate location "/" in /home/taran/nginx/conf/vhosts/lb.conf:21
2017/10/06 08:44:19 [emerg] 7594#0: duplicate location "/" in /home/taran/nginx/conf/vhosts/lb.conf:22
2017/10/06 08:52:11 [emerg] 7803#0: unexpected "}" in /home/taran/nginx/conf/vhosts/lb.conf:10
2017/10/06 08:52:33 [emerg] 7816#0: duplicate location "/" in /home/taran/nginx/conf/vhosts/lb.conf:24
2017/10/06 08:53:31 [emerg] 7833#0: duplicate location "/" in /home/taran/nginx/conf/vhosts/lb.conf:24
2017/10/06 09:08:23 [error] 8203#0: *13 open() "/home/taran/nginx/html/favicon.ico" failed (2: No such file or directory), client: 192.168.122.102, server: 192.168.122.236, request: "GET /favicon.ico HTTP/1.1", host: "192.168.122.236"
2017/10/06 09:08:23 [error] 8203#0: *13 open() "/home/taran/nginx/html/favicon.ico" failed (2: No such file or directory), client: 192.168.122.102, server: 192.168.122.236, request: "GET /favicon.ico HTTP/1.1", host: "192.168.122.236"
2017/10/06 09:08:24 [error] 8203#0: *13 open() "/home/taran/nginx/html/status" failed (2: No such file or directory), client: 192.168.122.102, server: 192.168.122.236, request: "GET /status HTTP/1.1", host: "192.168.122.236", referrer: "https://192.168.122.236/"
2017/10/06 09:08:28 [error] 8203#0: *13 open() "/home/taran/nginx/html/admin" failed (2: No such file or directory), client: 192.168.122.102, server: 192.168.122.236, request: "GET /admin HTTP/1.1", host: "192.168.122.236", referrer: "https://192.168.122.236/"
2017/10/06 09:08:31 [error] 8203#0: *13 open() "/home/taran/nginx/html/pictures/01.jpg" failed (2: No such file or directory), client: 192.168.122.102, server: 192.168.122.236, request: "GET /pictures/01.jpg HTTP/1.1", host: "192.168.122.236", referrer: "https://192.168.122.236/"
2017/10/06 09:08:43 [error] 8203#0: *13 open() "/home/taran/nginx/html/status" failed (2: No such file or directory), client: 192.168.122.102, server: 192.168.122.236, request: "GET /status HTTP/1.1", host: "192.168.122.236", referrer: "https://192.168.122.236/"
2017/10/06 09:11:49 [error] 8389#0: *6 open() "/home/taran/nginx/html/favicon.ico" failed (2: No such file or directory), client: 192.168.122.103, server: 192.168.122.236, request: "GET /favicon.ico HTTP/1.1", host: "192.168.122.236"
2017/10/06 09:11:49 [error] 8389#0: *6 open() "/home/taran/nginx/html/favicon.ico" failed (2: No such file or directory), client: 192.168.122.103, server: 192.168.122.236, request: "GET /favicon.ico HTTP/1.1", host: "192.168.122.236"
2017/10/06 09:11:50 [error] 8389#0: *6 open() "/home/taran/nginx/html/admin" failed (2: No such file or directory), client: 192.168.122.103, server: 192.168.122.236, request: "GET /admin HTTP/1.1", host: "192.168.122.236", referrer: "https://192.168.122.236/"
2017/10/06 09:15:10 [error] 8389#0: *7 open() "/home/taran/nginx/html/admin" failed (2: No such file or directory), client: 192.168.122.103, server: 192.168.122.236, request: "GET /admin HTTP/1.1", host: "192.168.122.236", referrer: "https://192.168.122.236/"
2017/10/06 09:24:24 [error] 8670#0: *1 open() "/home/taran/nginx/html/favicon.ico" failed (2: No such file or directory), client: 192.168.122.102, server: 192.168.122.236, request: "GET /favicon.ico HTTP/1.1", host: "192.168.122.236"
2017/10/06 09:24:24 [error] 8670#0: *1 open() "/home/taran/nginx/html/favicon.ico" failed (2: No such file or directory), client: 192.168.122.102, server: 192.168.122.236, request: "GET /favicon.ico HTTP/1.1", host: "192.168.122.236"
2017/10/06 09:24:31 [error] 8670#0: *2 open() "/home/taran/nginx/html/favicon.ico" failed (2: No such file or directory), client: 192.168.122.102, server: 192.168.122.236, request: "GET /favicon.ico HTTP/1.1", host: "192.168.122.236"
2017/10/06 09:24:31 [error] 8670#0: *2 open() "/home/taran/nginx/html/favicon.ico" failed (2: No such file or directory), client: 192.168.122.102, server: 192.168.122.236, request: "GET /favicon.ico HTTP/1.1", host: "192.168.122.236"
2017/10/06 09:26:23 [emerg] 8712#0: duplicate location "/" in /home/taran/nginx/conf/vhosts/lb.conf:51
2017/10/06 09:27:07 [emerg] 8733#0: duplicate location "/" in /home/taran/nginx/conf/vhosts/lb.conf:51
2017/10/06 10:06:33 [emerg] 9971#0: unexpected "}" in /home/taran/nginx/conf/nginx.conf:45
2017/10/06 10:15:02 [emerg] 10164#0: "server_name" directive is not allowed here in /home/taran/nginx/conf/nginx.conf:45
2017/10/06 10:18:30 [error] 10179#0: *11 open() "/home/taran/nginx/html/favicon.ico" failed (2: No such file or directory), client: 192.168.122.1, server: 192.168.122.236, request: "GET /favicon.ico HTTP/1.1", host: "192.168.122.236"
2017/10/06 10:18:34 [error] 10179#0: *11 open() "/home/taran/nginx/html/admin" failed (2: No such file or directory), client: 192.168.122.1, server: 192.168.122.236, request: "GET /admin HTTP/1.1", host: "192.168.122.236", referrer: "https://192.168.122.236/"
2017/10/06 10:54:04 [emerg] 10985#0: bind() to 0.0.0.0:8443 failed (98: Address already in use)
2017/10/06 10:54:04 [emerg] 10985#0: bind() to 0.0.0.0:8080 failed (98: Address already in use)
2017/10/06 10:54:04 [emerg] 10985#0: bind() to 0.0.0.0:8000 failed (98: Address already in use)
2017/10/06 10:54:04 [emerg] 10985#0: bind() to 0.0.0.0:8443 failed (98: Address already in use)
2017/10/06 10:54:04 [emerg] 10985#0: bind() to 0.0.0.0:8080 failed (98: Address already in use)
2017/10/06 10:54:04 [emerg] 10985#0: bind() to 0.0.0.0:8000 failed (98: Address already in use)
2017/10/06 10:54:04 [emerg] 10985#0: bind() to 0.0.0.0:8443 failed (98: Address already in use)
2017/10/06 10:54:04 [emerg] 10985#0: bind() to 0.0.0.0:8080 failed (98: Address already in use)
2017/10/06 10:54:04 [emerg] 10985#0: bind() to 0.0.0.0:8000 failed (98: Address already in use)
2017/10/06 10:54:04 [emerg] 10985#0: bind() to 0.0.0.0:8443 failed (98: Address already in use)
2017/10/06 10:54:04 [emerg] 10985#0: bind() to 0.0.0.0:8080 failed (98: Address already in use)
2017/10/06 10:54:04 [emerg] 10985#0: bind() to 0.0.0.0:8000 failed (98: Address already in use)
2017/10/06 10:54:11 [error] 10996#0: *1 open() "/home/taran/nginx/html/status/format/json" failed (2: No such file or directory), client: 192.168.122.103, server: 192.168.122.236, request: "GET /status/format/json HTTP/1.1", host: "192.168.122.236", referrer: "https://192.168.122.236/status"
2017/10/06 10:54:11 [error] 10996#0: *2 open() "/home/taran/nginx/html/status/format/json" failed (2: No such file or directory), client: 192.168.122.102, server: 192.168.122.236, request: "GET /status/format/json HTTP/1.1", host: "192.168.122.236", referrer: "https://192.168.122.236/status"
2017/10/06 10:54:12 [error] 10996#0: *3 open() "/home/taran/nginx/html/status/format/json" failed (2: No such file or directory), client: 192.168.122.1, server: 192.168.122.236, request: "GET /status/format/json HTTP/1.1", host: "192.168.122.236", referrer: "https://192.168.122.236/status"
2017/10/06 10:54:12 [error] 10996#0: *1 open() "/home/taran/nginx/html/status/format/json" failed (2: No such file or directory), client: 192.168.122.103, server: 192.168.122.236, request: "GET /status/format/json HTTP/1.1", host: "192.168.122.236", referrer: "https://192.168.122.236/status"
2017/10/06 10:54:12 [error] 10996#0: *2 open() "/home/taran/nginx/html/status/format/json" failed (2: No such file or directory), client: 192.168.122.102, server: 192.168.122.236, request: "GET /status/format/json HTTP/1.1", host: "192.168.122.236", referrer: "https://192.168.122.236/status"
